
> mintedastro@0.0.1 build C:\Users\user\OneDrive\Documents\GitHub\meamart-directory-astro
> astro check && astro build

٠٣:٤٠:٤٦ [content] Syncing content
٠٣:٤٠:٤٦ [content] Synced content
٠٣:٤٠:٤٦ [types] Generated 6.94s
٠٣:٤٠:٤٦ [check] Getting diagnostics for Astro files in C:\Users\user\OneDrive\Documents\GitHub\meamart-directory-astro...
[96mastro.config.mjs[0m:[93m7[0m:[93m1[0m - [93mwarning[0m[90m ts(6133): [0m'node' is declared but its value is never read.

[7m7[0m import node from '@astrojs/node';
[7m [0m [93m~~~~~~~~~~~~~~~~~~~~~~~~~~~~~~~~~[0m

[96msrc/lib/email.ts[0m:[93m172[0m:[93m11[0m - [93mwarning[0m[90m ts(6133): [0m'codePath' is declared but its value is never read.

[7m172[0m     const codePath = `src/data/reset-codes/@${email}.json`;
[7m   [0m [93m          ~~~~~~~~[0m
[96msrc/lib/email.ts[0m:[93m170[0m:[93m54[0m - [93mwarning[0m[90m ts(6133): [0m'code' is declared but its value is never read.

[7m170[0m export async function verifyResetCode(email: string, code: string): Promise<boolean> {
[7m   [0m [93m                                                     ~~~~[0m
[96msrc/lib/email.ts[0m:[93m163[0m:[93m9[0m - [93mwarning[0m[90m ts(6133): [0m'codePath' is declared but its value is never read.

[7m163[0m   const codePath = `src/data/reset-codes/@${email}.json`;
[7m   [0m [93m        ~~~~~~~~[0m
[96msrc/lib/email.ts[0m:[93m162[0m:[93m9[0m - [93mwarning[0m[90m ts(6133): [0m'expirationTime' is declared but its value is never read.

[7m162[0m   const expirationTime = Date.now() + 15 * 60 * 1000; // 15 minutes
[7m   [0m [93m        ~~~~~~~~~~~~~~[0m
[96msrc/lib/email.ts[0m:[93m160[0m:[93m3[0m - [93mwarning[0m[90m ts(6133): [0m'code' is declared but its value is never read.

[7m160[0m   code: string
[7m   [0m [93m  ~~~~[0m

[96msrc/lib/passwordReset.ts[0m:[93m9[0m:[93m11[0m - [93mwarning[0m[90m ts(6196): [0m'EmailOptions' is declared but never used.

[7m9[0m interface EmailOptions {
[7m [0m [93m          ~~~~~~~~~~~~[0m
[96msrc/lib/passwordReset.ts[0m:[93m7[0m:[93m7[0m - [93mwarning[0m[90m ts(6133): [0m'FROM_EMAIL' is declared but its value is never read.

[7m7[0m const FROM_EMAIL = process.env.FROM_EMAIL || "noreply@meamart.com";
[7m [0m [93m      ~~~~~~~~~~[0m
[96msrc/lib/passwordReset.ts[0m:[93m6[0m:[93m7[0m - [93mwarning[0m[90m ts(6133): [0m'CLOUDFLARE_ACCOUNT_ID' is declared but its value is never read.

[7m6[0m const CLOUDFLARE_ACCOUNT_ID = process.env.CLOUDFLARE_ACCOUNT_ID;
[7m [0m [93m      ~~~~~~~~~~~~~~~~~~~~~[0m
[96msrc/lib/passwordReset.ts[0m:[93m5[0m:[93m7[0m - [93mwarning[0m[90m ts(6133): [0m'CLOUDFLARE_API_TOKEN' is declared but its value is never read.

[7m5[0m const CLOUDFLARE_API_TOKEN = process.env.CLOUDFLARE_API_TOKEN;
[7m [0m [93m      ~~~~~~~~~~~~~~~~~~~~[0m
[96msrc/lib/passwordReset.ts[0m:[93m4[0m:[93m7[0m - [93mwarning[0m[90m ts(6133): [0m'CLOUDFLARE_API_URL' is declared but its value is never read.

[7m4[0m const CLOUDFLARE_API_URL = process.env.CLOUDFLARE_API_URL;
[7m [0m [93m      ~~~~~~~~~~~~~~~~~~[0m

[96msrc/pages/login.astro[0m:[93m133[0m:[93m31[0m - [91merror[0m[90m ts(8010): [0mType annotations can only be used in TypeScript files.

[7m133[0m       function showError(msg: string) {
[7m   [0m [91m                              ~~~~~~[0m
[96msrc/pages/login.astro[0m:[93m127[0m:[93m47[0m - [91merror[0m[90m ts(8010): [0mType annotations can only be used in TypeScript files.

[7m127[0m       function showMessage(msg: string, type: string = 'info') {
[7m   [0m [91m                                              ~~~~~~[0m
[96msrc/pages/login.astro[0m:[93m127[0m:[93m33[0m - [91merror[0m[90m ts(8010): [0mType annotations can only be used in TypeScript files.

[7m127[0m       function showMessage(msg: string, type: string = 'info') {
[7m   [0m [91m                                ~~~~~~[0m
[96msrc/pages/login.astro[0m:[93m121[0m:[93m34[0m - [91merror[0m[90m ts(8016): [0mType assertion expressions can only be used in TypeScript files.

[7m121[0m             const err = error as Error;
[7m   [0m [91m                                 ~~~~~[0m
[96msrc/pages/login.astro[0m:[93m120[0m:[93m27[0m - [91merror[0m[90m ts(8010): [0mType annotations can only be used in TypeScript files.

[7m120[0m           } catch (error: unknown) {
[7m   [0m [91m                          ~~~~~~~[0m
[96msrc/pages/login.astro[0m:[93m115[0m:[93m53[0m - [91merror[0m[90m ts(8016): [0mType assertion expressions can only be used in TypeScript files.

[7m115[0m               const data = await response.json() as { url: string };
[7m   [0m [91m                                                    ~~~~~~~~~~~~~~~[0m
[96msrc/pages/login.astro[0m:[93m107[0m:[93m55[0m - [91merror[0m[90m ts(8010): [0mType annotations can only be used in TypeScript files.

[7m107[0m         googleBtn.addEventListener('click', async (e: Event) => {
[7m   [0m [91m                                                      ~~~~~[0m
[96msrc/pages/login.astro[0m:[93m100[0m:[93m32[0m - [91merror[0m[90m ts(8016): [0mType assertion expressions can only be used in TypeScript files.

[7m100[0m           const err = error as Error;
[7m   [0m [91m                               ~~~~~[0m
[96msrc/pages/login.astro[0m:[93m99[0m:[93m25[0m - [91merror[0m[90m ts(8010): [0mType annotations can only be used in TypeScript files.

[7m99[0m         } catch (error: unknown) {
[7m  [0m [91m                        ~~~~~~~[0m
[96msrc/pages/login.astro[0m:[93m96[0m:[93m52[0m - [91merror[0m[90m ts(8016): [0mType assertion expressions can only be used in TypeScript files.

[7m96[0m             const error = await response.json() as { message: string };
[7m  [0m [91m                                                   ~~~~~~~~~~~~~~~~~~~[0m
[96msrc/pages/login.astro[0m:[93m89[0m:[93m53[0m - [91merror[0m[90m ts(8016): [0mType assertion expressions can only be used in TypeScript files.

[7m89[0m             const result = await response.json() as { token: string };
[7m  [0m [91m                                                    ~~~~~~~~~~~~~~~~~[0m
[96msrc/pages/login.astro[0m:[93m73[0m:[93m67[0m - [91merror[0m[90m ts(8016): [0mType assertion expressions can only be used in TypeScript files.

[7m73[0m         const passwordEl = document.getElementById('password') as HTMLInputElement;
[7m  [0m [91m                                                                  ~~~~~~~~~~~~~~~~[0m
[96msrc/pages/login.astro[0m:[93m72[0m:[93m61[0m - [91merror[0m[90m ts(8016): [0mType assertion expressions can only be used in TypeScript files.

[7m72[0m         const emailEl = document.getElementById('email') as HTMLInputElement;
[7m  [0m [91m                                                            ~~~~~~~~~~~~~~~~[0m
[96msrc/pages/login.astro[0m:[93m69[0m:[93m54[0m - [91merror[0m[90m ts(8010): [0mType annotations can only be used in TypeScript files.

[7m69[0m       loginForm.addEventListener('submit', async (e: Event) => {
[7m  [0m [91m                                                     ~~~~~[0m
[96msrc/pages/login.astro[0m:[93m63[0m:[93m63[0m - [91merror[0m[90m ts(8016): [0mType assertion expressions can only be used in TypeScript files.

[7m63[0m     const googleBtn = document.getElementById('googleBtn') as HTMLButtonElement;
[7m  [0m [91m                                                              ~~~~~~~~~~~~~~~~~[0m
[96msrc/pages/login.astro[0m:[93m62[0m:[93m63[0m - [91merror[0m[90m ts(8016): [0mType assertion expressions can only be used in TypeScript files.

[7m62[0m     const loginForm = document.getElementById('loginForm') as HTMLFormElement;
[7m  [0m [91m                                                              ~~~~~~~~~~~~~~~[0m

[96msrc/pages/products.astro[0m:[93m38[0m:[93m11[0m - [93mwarning[0m[90m astro(4000): [0mThis script will be treated as if it has the `is:inline` directive because it contains an attribute. Therefore, features that require processing (e.g. using TypeScript or npm packages in the script) are unavailable.

See docs for more details: https://docs.astro.build/en/guides/client-side-scripts/#script-processing.

Add the `is:inline` directive explicitly to silence this hint.

[7m38[0m   <script type="application/ld+json" set:html={productListSchema}></script>
[7m  [0m [93m          ~~~~[0m

[96msrc/pages/signup.astro[0m:[93m236[0m:[93m31[0m - [91merror[0m[90m ts(8010): [0mType annotations can only be used in TypeScript files.

[7m236[0m       function showError(msg: string) {
[7m   [0m [91m                              ~~~~~~[0m
[96msrc/pages/signup.astro[0m:[93m230[0m:[93m47[0m - [91merror[0m[90m ts(8010): [0mType annotations can only be used in TypeScript files.

[7m230[0m       function showMessage(msg: string, type: string = 'info') {
[7m   [0m [91m                                              ~~~~~~[0m
[96msrc/pages/signup.astro[0m:[93m230[0m:[93m33[0m - [91merror[0m[90m ts(8010): [0mType annotations can only be used in TypeScript files.

[7m230[0m       function showMessage(msg: string, type: string = 'info') {
[7m   [0m [91m                                ~~~~~~[0m
[96msrc/pages/signup.astro[0m:[93m225[0m:[93m32[0m - [91merror[0m[90m ts(8016): [0mType assertion expressions can only be used in TypeScript files.

[7m225[0m           const err = error as Error;
[7m   [0m [91m                               ~~~~~[0m
[96msrc/pages/signup.astro[0m:[93m224[0m:[93m25[0m - [91merror[0m[90m ts(8010): [0mType annotations can only be used in TypeScript files.

[7m224[0m         } catch (error: unknown) {
[7m   [0m [91m                        ~~~~~~~[0m
[96msrc/pages/signup.astro[0m:[93m221[0m:[93m52[0m - [91merror[0m[90m ts(8016): [0mType assertion expressions can only be used in TypeScript files.

[7m221[0m             const error = await response.json() as { message: string };
[7m   [0m [91m                                                   ~~~~~~~~~~~~~~~~~~~[0m
[96msrc/pages/signup.astro[0m:[93m214[0m:[93m53[0m - [91merror[0m[90m ts(8016): [0mType assertion expressions can only be used in TypeScript files.

[7m214[0m             const result = await response.json() as { token: string };
[7m   [0m [91m                                                    ~~~~~~~~~~~~~~~~~[0m
[96msrc/pages/signup.astro[0m:[93m166[0m:[93m67[0m - [91merror[0m[90m ts(8016): [0mType assertion expressions can only be used in TypeScript files.

[7m166[0m         const whatsappEl = document.getElementById('whatsapp') as HTMLInputElement;
[7m   [0m [91m                                                                  ~~~~~~~~~~~~~~~~[0m
[96msrc/pages/signup.astro[0m:[93m165[0m:[93m81[0m - [91merror[0m[90m ts(8016): [0mType assertion expressions can only be used in TypeScript files.

[7m165[0m         const confirmPasswordEl = document.getElementById('confirmPassword') as HTMLInputElement;
[7m   [0m [91m                                                                                ~~~~~~~~~~~~~~~~[0m
[96msrc/pages/signup.astro[0m:[93m164[0m:[93m67[0m - [91merror[0m[90m ts(8016): [0mType assertion expressions can only be used in TypeScript files.

[7m164[0m         const passwordEl = document.getElementById('password') as HTMLInputElement;
[7m   [0m [91m                                                                  ~~~~~~~~~~~~~~~~[0m
[96msrc/pages/signup.astro[0m:[93m160[0m:[93m49[0m - [91merror[0m[90m ts(8010): [0mType annotations can only be used in TypeScript files.

[7m160[0m       form.addEventListener('submit', async (e: Event) => {
[7m   [0m [91m                                                ~~~~~[0m
[96msrc/pages/signup.astro[0m:[93m156[0m:[93m59[0m - [91merror[0m[90m ts(8016): [0mType assertion expressions can only be used in TypeScript files.

[7m156[0m     const form = document.getElementById('signupForm') as HTMLFormElement;
[7m   [0m [91m                                                          ~~~~~~~~~~~~~~~[0m

[96msrc/pages/products/[id].astro[0m:[93m6[0m:[93m1[0m - [93mwarning[0m[90m ts(6133): [0m'formatString' is declared but its value is never read.

[7m6[0m import formatString from '../../util/formatString';
[7m [0m [93m~~~~~~~~~~~~~~~~~~~~~~~~~~~~~~~~~~~~~~~~~~~~~~~~~~~[0m
[96msrc/pages/products/[id].astro[0m:[93m68[0m:[93m11[0m - [93mwarning[0m[90m astro(4000): [0mThis script will be treated as if it has the `is:inline` directive because it contains an attribute. Therefore, features that require processing (e.g. using TypeScript or npm packages in the script) are unavailable.

See docs for more details: https://docs.astro.build/en/guides/client-side-scripts/#script-processing.

Add the `is:inline` directive explicitly to silence this hint.

[7m68[0m   <script type="application/ld+json" set:html={productSchema}></script>
[7m  [0m [93m          ~~~~[0m

[96mworkers/meamart-api.js[0m:[93m71[0m:[93m16[0m - [93mwarning[0m[90m ts(6133): [0m'verifyJWT' is declared but its value is never read.

[7m71[0m async function verifyJWT(token) {
[7m  [0m [93m               ~~~~~~~~~[0m

Result (94 files): 
- 28 errors
- 0 warnings
- 15 hints

 ELIFECYCLE  Command failed with exit code 1.
